2024-07-09 23:00:06,220 - test.py[line:10] - INFO: 0
2024-07-09 23:00:08,233 - test.py[line:10] - INFO: 1
2024-07-09 23:00:10,244 - test.py[line:10] - INFO: 2
2024-07-09 23:00:12,258 - test.py[line:10] - INFO: 3
2024-07-09 23:00:14,272 - test.py[line:10] - INFO: 4
2024-07-09 23:00:16,281 - test.py[line:10] - INFO: 5
2024-07-09 23:00:18,291 - test.py[line:10] - INFO: 6
